{
  "invocation": {
    "emit": [
      "CircuitQASM",
      "Log"
    ],
    "gadgets": false,
    "original": [
      "/Users/caio/Deep-Learning/project/external/circuit-to-tensor/benchmarks/arithmetic/nc_tof_4/nc_tof_4.matrix.npy"
    ],
    "mapping": [
      "/Users/caio/Deep-Learning/project/external/circuit-to-tensor/benchmarks/arithmetic/nc_tof_4/nc_tof_4.mapping.txt"
    ],
    "output": "results/public_resynth_tensor_v3_phase_slack_expanded/public_resynth_tensor_v3_phase_slack/nc_tof_4/candidates/nc_tof_4/benchmarks_no_gadgets.nc_toff_4/candidate6",
    "files": [
      "results/public_resynth_tensor_v3_phase_slack_expanded/public_resynth_tensor_v3_phase_slack/nc_tof_4/candidates/nc_tof_4/nc_tof_4.benchmarks_no_gadgets.nc_toff_4.candidate6.npy"
    ]
  },
  "files": [
    {
      "path": "/Users/caio/Deep-Learning/project/results/public_resynth_tensor_v3_phase_slack_expanded/public_resynth_tensor_v3_phase_slack/nc_tof_4/candidates/nc_tof_4/nc_tof_4.benchmarks_no_gadgets.nc_toff_4.candidate6.npy",
      "mapping": [
        0,
        1,
        2,
        3,
        4,
        5,
        6,
        7,
        8,
        9,
        10
      ],
      "nccz": 0,
      "ncs": 0,
      "nt": 19
    }
  ]
}