{
  "invocation": {
    "emit": [
      "CircuitQASM",
      "Log"
    ],
    "gadgets": true,
    "original": [
      "/Users/caio/Deep-Learning/project/external/circuit-to-tensor/benchmarks/applications/basis_change_p4_o3/basis_change_p4_o3.matrix.npy"
    ],
    "mapping": [
      "/Users/caio/Deep-Learning/project/external/circuit-to-tensor/benchmarks/applications/basis_change_p4_o3/basis_change_p4_o3.mapping.txt"
    ],
    "output": "/Users/caio/Deep-Learning/project/results/public_resynth_fixed/public_resynth_gadgets/basis_change_p4_o3/candidates/basis_change_p4_o3/candidate2",
    "files": [
      "/Users/caio/Deep-Learning/project/results/public_resynth_fixed/public_resynth_gadgets/basis_change_p4_o3/candidates/basis_change_p4_o3/basis_change_p4_o3.candidate2.npy"
    ]
  },
  "files": [
    {
      "path": "/Users/caio/Deep-Learning/project/results/public_resynth_fixed/public_resynth_gadgets/basis_change_p4_o3/candidates/basis_change_p4_o3/basis_change_p4_o3.candidate2.npy",
      "mapping": [
        0,
        1,
        4,
        5,
        6,
        12,
        13,
        14,
        15,
        16,
        17,
        19,
        20,
        21,
        22,
        23,
        24,
        25,
        26,
        27,
        28,
        29,
        30,
        31,
        32,
        33,
        34
      ],
      "nccz": 8,
      "ncs": 0,
      "nt": 0
    }
  ]
}