{
  "invocation": {
    "emit": [
      "CircuitQASM",
      "Log"
    ],
    "gadgets": true,
    "original": [
      "/Users/caio/Deep-Learning/project/external/circuit-to-tensor/benchmarks/arithmetic/hamming_15_med/hamming_15_med_block1.matrix.npy"
    ],
    "mapping": [
      "/Users/caio/Deep-Learning/project/external/circuit-to-tensor/benchmarks/arithmetic/hamming_15_med/hamming_15_med_block1.mapping.txt"
    ],
    "output": "/Users/caio/Deep-Learning/project/results/public_resynth_fixed/public_resynth_gadgets/hamming_15_med/candidates/hamming_15_med_block1/candidate2",
    "files": [
      "/Users/caio/Deep-Learning/project/results/public_resynth_fixed/public_resynth_gadgets/hamming_15_med/candidates/hamming_15_med_block1/hamming_15_med_block1.candidate2.npy"
    ]
  },
  "files": [
    {
      "path": "/Users/caio/Deep-Learning/project/results/public_resynth_fixed/public_resynth_gadgets/hamming_15_med/candidates/hamming_15_med_block1/hamming_15_med_block1.candidate2.npy",
      "mapping": [
        0,
        1,
        3,
        4,
        5,
        6,
        8,
        9,
        11,
        12,
        13,
        14,
        15,
        16,
        59,
        60,
        61,
        62,
        63,
        64,
        65,
        66,
        67,
        68,
        69
      ],
      "nccz": 8,
      "ncs": 0,
      "nt": 4
    }
  ]
}