{
  "invocation": {
    "emit": [
      "CircuitQASM",
      "Log"
    ],
    "gadgets": true,
    "original": [
      "/Users/caio/Deep-Learning/project/external/circuit-to-tensor/benchmarks/arithmetic/mod_5_4/mod_5_4.matrix.npy"
    ],
    "mapping": [
      "/Users/caio/Deep-Learning/project/external/circuit-to-tensor/benchmarks/arithmetic/mod_5_4/mod_5_4.mapping.txt"
    ],
    "output": "/Users/caio/Deep-Learning/project/results/public_resynth_smoke/public_resynth_gadgets/mod_5_4/candidates/mod_5_4/candidate0",
    "files": [
      "/Users/caio/Deep-Learning/project/results/public_resynth_smoke/public_resynth_gadgets/mod_5_4/candidates/mod_5_4/mod_5_4.candidate0.npy"
    ]
  },
  "files": []
}