{
  "invocation": {
    "emit": [
      "CircuitQASM",
      "Log"
    ],
    "gadgets": true,
    "original": [
      "/Users/caio/Deep-Learning/project/external/circuit-to-tensor/benchmarks/applications/cuccaro_adder_n3/cuccaro_adder_n3.matrix.npy"
    ],
    "mapping": [
      "/Users/caio/Deep-Learning/project/external/circuit-to-tensor/benchmarks/applications/cuccaro_adder_n3/cuccaro_adder_n3.mapping.txt"
    ],
    "output": "/Users/caio/Deep-Learning/project/results/public_resynth_smoke/public_resynth_gadgets/cuccaro_adder_n3/candidates/cuccaro_adder_n3/candidate0",
    "files": [
      "/Users/caio/Deep-Learning/project/results/public_resynth_smoke/public_resynth_gadgets/cuccaro_adder_n3/candidates/cuccaro_adder_n3/cuccaro_adder_n3.candidate0.npy"
    ]
  },
  "files": []
}