{
  "invocation": {
    "qubits": null,
    "ancilla": null,
    "emit": [
      "Tensor",
      "Matrix",
      "CircuitQASM",
      "Log"
    ],
    "zx_preopt": true,
    "split_iters": 10000,
    "verify": false,
    "output": "/Users/caio/Deep-Learning/project/results/compile_stage1/quizx/hwb_6",
    "files": [
      "/Users/caio/Deep-Learning/project/external/circuit-to-tensor/benchmarks/arithmetic/hwb_6/hwb_6.qasm"
    ]
  },
  "files": [
    {
      "path": "/Users/caio/Deep-Learning/project/external/circuit-to-tensor/benchmarks/arithmetic/hwb_6/hwb_6.qasm",
      "qubits": 7,
      "tcount": {
        "initial": 105,
        "zx_preopt": 75,
        "basic_opt": null
      },
      "hcount": {
        "initial": 72,
        "optimized": 20
      },
      "blocks": [
        {
          "qubits": 27,
          "initial": 75
        }
      ]
    }
  ]
}