{
  "invocation": {
    "emit": [
      "CircuitQASM",
      "Log"
    ],
    "gadgets": true,
    "original": [
      "/Users/caio/Deep-Learning/project/external/circuit-to-tensor/benchmarks/applications/hamming_weight_n14/hamming_weight_n14.matrix.npy"
    ],
    "mapping": [
      "/Users/caio/Deep-Learning/project/external/circuit-to-tensor/benchmarks/applications/hamming_weight_n14/hamming_weight_n14.mapping.txt"
    ],
    "output": "/Users/caio/Deep-Learning/project/results/public_resynth/public_resynth_gadgets/hamming_weight_n14/candidates/hamming_weight_n14/candidate0",
    "files": [
      "/Users/caio/Deep-Learning/project/results/public_resynth/public_resynth_gadgets/hamming_weight_n14/candidates/hamming_weight_n14/hamming_weight_n14.candidate0.npy"
    ]
  },
  "files": []
}