{
  "invocation": {
    "emit": [
      "CircuitQASM",
      "Log"
    ],
    "gadgets": true,
    "original": [
      "/Users/caio/Deep-Learning/project/external/circuit-to-tensor/benchmarks/arithmetic/mod_red_21/mod_red_21.matrix.npy"
    ],
    "mapping": [
      "/Users/caio/Deep-Learning/project/external/circuit-to-tensor/benchmarks/arithmetic/mod_red_21/mod_red_21.mapping.txt"
    ],
    "output": "/Users/caio/Deep-Learning/project/results/public_resynth/public_resynth_gadgets/mod_red_21/candidates/mod_red_21/candidate0",
    "files": [
      "/Users/caio/Deep-Learning/project/results/public_resynth/public_resynth_gadgets/mod_red_21/candidates/mod_red_21/mod_red_21.candidate0.npy"
    ]
  },
  "files": []
}