{
  "invocation": {
    "emit": [
      "CircuitQASM",
      "Log"
    ],
    "gadgets": false,
    "original": [
      "/Users/caio/Deep-Learning/project/external/circuit-to-tensor/benchmarks/arithmetic/csum_mux_9/csum_mux_9.matrix.npy"
    ],
    "mapping": [
      "/Users/caio/Deep-Learning/project/external/circuit-to-tensor/benchmarks/arithmetic/csum_mux_9/csum_mux_9.mapping.txt"
    ],
    "output": "/Users/caio/Deep-Learning/project/results/public_resynth/public_resynth_no_gadgets/csum_mux_9/candidates/csum_mux_9/candidate2",
    "files": [
      "/Users/caio/Deep-Learning/project/results/public_resynth/public_resynth_no_gadgets/csum_mux_9/candidates/csum_mux_9/csum_mux_9.candidate2.npy"
    ]
  },
  "files": []
}