{
  "invocation": {
    "qubits": null,
    "ancilla": null,
    "emit": [
      "Tensor",
      "Matrix",
      "CircuitQASM",
      "Log"
    ],
    "zx_preopt": true,
    "split_iters": 10000,
    "verify": false,
    "output": "/Users/caio/Deep-Learning/project/results/compile_stage1/quizx/basis_change_p4_o3",
    "files": [
      "/Users/caio/Deep-Learning/project/external/circuit-to-tensor/benchmarks/applications/basis_change_p4_o3/basis_change_p4_o3.qasm"
    ]
  },
  "files": [
    {
      "path": "/Users/caio/Deep-Learning/project/external/circuit-to-tensor/benchmarks/applications/basis_change_p4_o3/basis_change_p4_o3.qasm",
      "qubits": 21,
      "tcount": {
        "initial": 112,
        "zx_preopt": 48,
        "basic_opt": null
      },
      "hcount": {
        "initial": 40,
        "optimized": 14
      },
      "blocks": [
        {
          "qubits": 27,
          "initial": 48
        }
      ]
    }
  ]
}