{
  "invocation": {
    "qubits": null,
    "ancilla": null,
    "emit": [
      "Tensor",
      "Matrix",
      "CircuitQASM",
      "Log"
    ],
    "zx_preopt": true,
    "split_iters": 10000,
    "verify": false,
    "output": "/Users/caio/Deep-Learning/project/results/compile_stage1/quizx/unary_iteration_n3",
    "files": [
      "/Users/caio/Deep-Learning/project/external/circuit-to-tensor/benchmarks/applications/unary_iteration_n3/unary_iteration_n3.qasm"
    ]
  },
  "files": [
    {
      "path": "/Users/caio/Deep-Learning/project/external/circuit-to-tensor/benchmarks/applications/unary_iteration_n3/unary_iteration_n3.qasm",
      "qubits": 14,
      "tcount": {
        "initial": 98,
        "zx_preopt": 52,
        "basic_opt": null
      },
      "hcount": {
        "initial": 8,
        "optimized": 6
      },
      "blocks": [
        {
          "qubits": 20,
          "initial": 52
        }
      ]
    }
  ]
}