{
  "invocation": {
    "emit": [
      "CircuitQASM",
      "Log"
    ],
    "gadgets": false,
    "original": [
      "/Users/caio/Deep-Learning/project/external/circuit-to-tensor/benchmarks/arithmetic/mod_5_4/mod_5_4.matrix.npy"
    ],
    "mapping": [
      "/Users/caio/Deep-Learning/project/external/circuit-to-tensor/benchmarks/arithmetic/mod_5_4/mod_5_4.mapping.txt"
    ],
    "output": "results/tmp_alphaq_border_smoke/public_resynth_structural/mod_5_4/candidates/mod_5_4/benchmarks_no_gadgets.mod_5_4/candidate0",
    "files": [
      "results/tmp_alphaq_border_smoke/public_resynth_structural/mod_5_4/candidates/mod_5_4/mod_5_4.benchmarks_no_gadgets.mod_5_4.candidate0.npy"
    ]
  },
  "files": [
    {
      "path": "/Users/caio/Deep-Learning/project/results/tmp_alphaq_border_smoke/public_resynth_structural/mod_5_4/candidates/mod_5_4/mod_5_4.benchmarks_no_gadgets.mod_5_4.candidate0.npy",
      "mapping": [
        0,
        1,
        2,
        3,
        4
      ],
      "nccz": 0,
      "ncs": 0,
      "nt": 7
    }
  ]
}