{
  "invocation": {
    "emit": [
      "CircuitQASM",
      "Log"
    ],
    "gadgets": false,
    "original": [
      "/Users/caio/Deep-Learning/project/external/circuit-to-tensor/benchmarks/arithmetic/gf_2pow10_mult/gf_2pow10_mult.matrix.npy"
    ],
    "mapping": [
      "/Users/caio/Deep-Learning/project/external/circuit-to-tensor/benchmarks/arithmetic/gf_2pow10_mult/gf_2pow10_mult.mapping.txt"
    ],
    "output": "/Users/caio/Deep-Learning/project/results/public_resynth_fixed/public_resynth_no_gadgets/gf_2pow10_mult/candidates/gf_2pow10_mult/candidate1",
    "files": [
      "/Users/caio/Deep-Learning/project/results/public_resynth_fixed/public_resynth_no_gadgets/gf_2pow10_mult/candidates/gf_2pow10_mult/gf_2pow10_mult.candidate1.npy"
    ]
  },
  "files": []
}