{
  "invocation": {
    "qubits": null,
    "ancilla": null,
    "emit": [
      "Tensor",
      "Matrix",
      "CircuitQASM",
      "Log"
    ],
    "zx_preopt": true,
    "split_iters": 10000,
    "verify": false,
    "output": "/Users/caio/Deep-Learning/project/results/compile_stage1/quizx/hamming_weight_n20",
    "files": [
      "/Users/caio/Deep-Learning/project/external/circuit-to-tensor/benchmarks/applications/hamming_weight_n20/hamming_weight_n20.qasm"
    ]
  },
  "files": [
    {
      "path": "/Users/caio/Deep-Learning/project/external/circuit-to-tensor/benchmarks/applications/hamming_weight_n20/hamming_weight_n20.qasm",
      "qubits": 38,
      "tcount": {
        "initial": 126,
        "zx_preopt": 126,
        "basic_opt": null
      },
      "hcount": {
        "initial": 17,
        "optimized": 16
      },
      "blocks": [
        {
          "qubits": 54,
          "initial": 126
        }
      ]
    }
  ]
}