{
  "invocation": {
    "qubits": null,
    "ancilla": null,
    "emit": [
      "Tensor",
      "Matrix",
      "CircuitQASM",
      "Log"
    ],
    "zx_preopt": true,
    "split_iters": 10000,
    "verify": false,
    "output": "/Users/caio/Deep-Learning/project/results/compile_stage1/quizx/csum_mux_9",
    "files": [
      "/Users/caio/Deep-Learning/project/external/circuit-to-tensor/benchmarks/arithmetic/csum_mux_9/csum_mux_9.qasm"
    ]
  },
  "files": [
    {
      "path": "/Users/caio/Deep-Learning/project/external/circuit-to-tensor/benchmarks/arithmetic/csum_mux_9/csum_mux_9.qasm",
      "qubits": 30,
      "tcount": {
        "initial": 196,
        "zx_preopt": 84,
        "basic_opt": null
      },
      "hcount": {
        "initial": 92,
        "optimized": 12
      },
      "blocks": [
        {
          "qubits": 42,
          "initial": 84
        }
      ]
    }
  ]
}