{
  "invocation": {
    "qubits": null,
    "ancilla": null,
    "emit": [
      "Tensor",
      "Matrix",
      "CircuitQASM",
      "Log"
    ],
    "zx_preopt": true,
    "split_iters": 10000,
    "verify": false,
    "output": "/Users/caio/Deep-Learning/project/results/compile_stage1/quizx/csla_mux_3",
    "files": [
      "/Users/caio/Deep-Learning/project/external/circuit-to-tensor/benchmarks/arithmetic/csla_mux_3/csla_mux_3.qasm"
    ]
  },
  "files": [
    {
      "path": "/Users/caio/Deep-Learning/project/external/circuit-to-tensor/benchmarks/arithmetic/csla_mux_3/csla_mux_3.qasm",
      "qubits": 15,
      "tcount": {
        "initial": 70,
        "zx_preopt": 62,
        "basic_opt": null
      },
      "hcount": {
        "initial": 42,
        "optimized": 6
      },
      "blocks": [
        {
          "qubits": 21,
          "initial": 62
        }
      ]
    }
  ]
}