{
  "invocation": {
    "emit": [
      "CircuitQASM",
      "Log"
    ],
    "gadgets": true,
    "original": [
      "/Users/caio/Deep-Learning/project/external/circuit-to-tensor/benchmarks/arithmetic/mod_5_4/mod_5_4.matrix.npy"
    ],
    "mapping": [
      "/Users/caio/Deep-Learning/project/external/circuit-to-tensor/benchmarks/arithmetic/mod_5_4/mod_5_4.mapping.txt"
    ],
    "output": "/Users/caio/Deep-Learning/project/results/tmp_mod54_resynth_T",
    "files": [
      "/Users/caio/Deep-Learning/project/results/tmp_mod54_public_T.npy"
    ]
  },
  "files": [
    {
      "path": "/Users/caio/Deep-Learning/project/results/tmp_mod54_public_T.npy",
      "mapping": [
        0,
        1,
        2,
        3,
        4
      ],
      "nccz": 1,
      "ncs": 0,
      "nt": 0
    }
  ]
}