{
  "invocation": {
    "qubits": null,
    "ancilla": null,
    "emit": [
      "Tensor",
      "Matrix",
      "CircuitQASM",
      "Log"
    ],
    "zx_preopt": true,
    "split_iters": 10000,
    "verify": false,
    "output": "/Users/caio/Deep-Learning/project/results/compile_stage1/quizx/cuccaro_adder_n3",
    "files": [
      "/Users/caio/Deep-Learning/project/external/circuit-to-tensor/benchmarks/applications/cuccaro_adder_n3/cuccaro_adder_n3.qasm"
    ]
  },
  "files": [
    {
      "path": "/Users/caio/Deep-Learning/project/external/circuit-to-tensor/benchmarks/applications/cuccaro_adder_n3/cuccaro_adder_n3.qasm",
      "qubits": 7,
      "tcount": {
        "initial": 42,
        "zx_preopt": 16,
        "basic_opt": null
      },
      "hcount": {
        "initial": 10,
        "optimized": 2
      },
      "blocks": [
        {
          "qubits": 8,
          "initial": 16
        }
      ]
    }
  ]
}