{
  "invocation": {
    "emit": [
      "CircuitQASM",
      "Log"
    ],
    "gadgets": true,
    "original": [
      "/Users/caio/Deep-Learning/project/external/circuit-to-tensor/benchmarks/applications/basis_change_p4_o5/basis_change_p4_o5.matrix.npy"
    ],
    "mapping": [
      "/Users/caio/Deep-Learning/project/external/circuit-to-tensor/benchmarks/applications/basis_change_p4_o5/basis_change_p4_o5.mapping.txt"
    ],
    "output": "/Users/caio/Deep-Learning/project/results/public_resynth/public_resynth_gadgets/basis_change_p4_o5/candidates/basis_change_p4_o5/candidate2",
    "files": [
      "/Users/caio/Deep-Learning/project/results/public_resynth/public_resynth_gadgets/basis_change_p4_o5/candidates/basis_change_p4_o5/basis_change_p4_o5.candidate2.npy"
    ]
  },
  "files": [
    {
      "path": "/Users/caio/Deep-Learning/project/results/public_resynth/public_resynth_gadgets/basis_change_p4_o5/candidates/basis_change_p4_o5/basis_change_p4_o5.candidate2.npy",
      "mapping": [
        0,
        1,
        4,
        5,
        6,
        8,
        9,
        10,
        12,
        13,
        14,
        20,
        21,
        22,
        23,
        24,
        25,
        26,
        27,
        29,
        30,
        31,
        32,
        33,
        34,
        35,
        36,
        37,
        38,
        39,
        40,
        41,
        42,
        43,
        44,
        45,
        46,
        47,
        48,
        49,
        50,
        51,
        52,
        53,
        54,
        55,
        56,
        57,
        58,
        59,
        60
      ],
      "nccz": 16,
      "ncs": 0,
      "nt": 0
    }
  ]
}