{
  "invocation": {
    "emit": [
      "CircuitQASM",
      "Log"
    ],
    "gadgets": true,
    "original": [
      "/Users/caio/Deep-Learning/project/external/circuit-to-tensor/benchmarks/arithmetic/gf_2pow2_mult/gf_2pow2_mult.matrix.npy"
    ],
    "mapping": [
      "/Users/caio/Deep-Learning/project/external/circuit-to-tensor/benchmarks/arithmetic/gf_2pow2_mult/gf_2pow2_mult.mapping.txt"
    ],
    "output": "/Users/caio/Deep-Learning/project/results/public_resynth/public_resynth_gadgets/gf_2pow2_mult/candidates/gf_2pow2_mult/candidate0",
    "files": [
      "/Users/caio/Deep-Learning/project/results/public_resynth/public_resynth_gadgets/gf_2pow2_mult/candidates/gf_2pow2_mult/gf_2pow2_mult.candidate0.npy"
    ]
  },
  "files": [
    {
      "path": "/Users/caio/Deep-Learning/project/results/public_resynth/public_resynth_gadgets/gf_2pow2_mult/candidates/gf_2pow2_mult/gf_2pow2_mult.candidate0.npy",
      "mapping": [
        0,
        1,
        2,
        3,
        4,
        5
      ],
      "nccz": 3,
      "ncs": 0,
      "nt": 0
    }
  ]
}