{
  "invocation": {
    "emit": [
      "CircuitQASM",
      "Log"
    ],
    "gadgets": true,
    "original": [
      "/Users/caio/Deep-Learning/project/external/circuit-to-tensor/benchmarks/arithmetic/grover_5/grover_5_block2.matrix.npy"
    ],
    "mapping": [
      "/Users/caio/Deep-Learning/project/external/circuit-to-tensor/benchmarks/arithmetic/grover_5/grover_5_block2.mapping.txt"
    ],
    "output": "/Users/caio/Deep-Learning/project/results/public_resynth/public_resynth_gadgets/grover_5/candidates/grover_5_block2/candidate0",
    "files": [
      "/Users/caio/Deep-Learning/project/results/public_resynth/public_resynth_gadgets/grover_5/candidates/grover_5_block2/grover_5_block2.candidate0.npy"
    ]
  },
  "files": [
    {
      "path": "/Users/caio/Deep-Learning/project/results/public_resynth/public_resynth_gadgets/grover_5/candidates/grover_5_block2/grover_5_block2.candidate0.npy",
      "mapping": [
        0,
        1,
        2,
        3,
        4,
        5,
        6,
        7,
        8,
        9,
        10,
        11,
        12,
        13,
        14,
        15,
        16,
        17,
        18,
        19,
        20,
        21,
        22,
        23,
        24,
        25,
        26
      ],
      "nccz": 8,
      "ncs": 0,
      "nt": 6
    }
  ]
}