{
  "invocation": {
    "qubits": null,
    "ancilla": null,
    "emit": [
      "Tensor",
      "Matrix",
      "CircuitQASM",
      "Log"
    ],
    "zx_preopt": true,
    "split_iters": 10000,
    "verify": false,
    "output": "/Users/caio/Deep-Learning/project/results/compile_stage1/quizx/qcla_mod_7",
    "files": [
      "/Users/caio/Deep-Learning/project/external/circuit-to-tensor/benchmarks/arithmetic/qcla_mod_7/qcla_mod_7.qasm"
    ]
  },
  "files": [
    {
      "path": "/Users/caio/Deep-Learning/project/external/circuit-to-tensor/benchmarks/arithmetic/qcla_mod_7/qcla_mod_7.qasm",
      "qubits": 26,
      "tcount": {
        "initial": 413,
        "zx_preopt": 237,
        "basic_opt": null
      },
      "hcount": {
        "initial": 246,
        "optimized": 58
      },
      "blocks": [
        {
          "qubits": 84,
          "initial": 237
        }
      ]
    }
  ]
}