{
  "invocation": {
    "emit": [
      "CircuitQASM",
      "Log"
    ],
    "gadgets": true,
    "original": [
      "/Users/caio/Deep-Learning/project/external/circuit-to-tensor/benchmarks/arithmetic/mod_5_4/mod_5_4.matrix.npy"
    ],
    "mapping": [
      "/Users/caio/Deep-Learning/project/external/circuit-to-tensor/benchmarks/arithmetic/mod_5_4/mod_5_4.mapping.txt"
    ],
    "output": "/Users/caio/Deep-Learning/project/results/alphaq_split_reward_external/mod_5_4_v1_tiebreak_materialized",
    "files": [
      "/Users/caio/Deep-Learning/project/results/alphaq_split_reward_external/mod_5_4_v1_tiebreak_materialized/mod_5_4.v1_tiebreak.best_solved.canonical.transposed.npy"
    ]
  },
  "files": [
    {
      "path": "/Users/caio/Deep-Learning/project/results/alphaq_split_reward_external/mod_5_4_v1_tiebreak_materialized/mod_5_4.v1_tiebreak.best_solved.canonical.transposed.npy",
      "mapping": [
        0,
        1,
        2,
        3,
        4
      ],
      "nccz": 1,
      "ncs": 0,
      "nt": 0
    }
  ]
}