{
  "invocation": {
    "emit": [
      "CircuitQASM",
      "Log"
    ],
    "gadgets": true,
    "original": [
      "/Users/caio/Deep-Learning/project/external/circuit-to-tensor/benchmarks/arithmetic/qcla_mod_7/qcla_mod_7_block1.matrix.npy"
    ],
    "mapping": [
      "/Users/caio/Deep-Learning/project/external/circuit-to-tensor/benchmarks/arithmetic/qcla_mod_7/qcla_mod_7_block1.mapping.txt"
    ],
    "output": "/Users/caio/Deep-Learning/project/results/public_resynth/public_resynth_gadgets/qcla_mod_7/candidates/qcla_mod_7_block1/candidate1",
    "files": [
      "/Users/caio/Deep-Learning/project/results/public_resynth/public_resynth_gadgets/qcla_mod_7/candidates/qcla_mod_7_block1/qcla_mod_7_block1.candidate1.npy"
    ]
  },
  "files": []
}