{
  "invocation": {
    "emit": [
      "CircuitQASM",
      "Log"
    ],
    "gadgets": false,
    "original": [
      "results/compile/mod_5_4/mod_5_4.block1.matrix.npy"
    ],
    "mapping": [
      "results/compile/mod_5_4/mod_5_4.block1.mapping.txt"
    ],
    "output": "results/resynth/mod_5_4",
    "files": [
      "results/compile/mod_5_4/mod_5_4.block1.matrix.npy"
    ]
  },
  "files": [
    {
      "path": "/Users/caio/Deep-Learning/project/results/compile/mod_5_4/mod_5_4.block1.matrix.npy",
      "mapping": [
        0,
        1,
        2,
        3,
        4
      ],
      "nccz": 0,
      "ncs": 0,
      "nt": 28
    }
  ]
}