{
  "invocation": {
    "qubits": null,
    "ancilla": null,
    "emit": [
      "Tensor",
      "Matrix",
      "CircuitQASM",
      "Log"
    ],
    "zx_preopt": true,
    "split_iters": 10000,
    "verify": false,
    "output": "/Users/caio/Deep-Learning/project/results/compile_stage1/quizx/cuccaro_adder_n8",
    "files": [
      "/Users/caio/Deep-Learning/project/external/circuit-to-tensor/benchmarks/applications/cuccaro_adder_n8/cuccaro_adder_n8.qasm"
    ]
  },
  "files": [
    {
      "path": "/Users/caio/Deep-Learning/project/external/circuit-to-tensor/benchmarks/applications/cuccaro_adder_n8/cuccaro_adder_n8.qasm",
      "qubits": 17,
      "tcount": {
        "initial": 112,
        "zx_preopt": 56,
        "basic_opt": null
      },
      "hcount": {
        "initial": 30,
        "optimized": 12
      },
      "blocks": [
        {
          "qubits": 28,
          "initial": 56
        }
      ]
    }
  ]
}