{
  "invocation": {
    "qubits": null,
    "ancilla": null,
    "emit": [
      "Tensor",
      "Matrix",
      "CircuitQASM",
      "Log"
    ],
    "zx_preopt": true,
    "split_iters": 10000,
    "verify": false,
    "output": "/Users/caio/Deep-Learning/project/results/compile_stage1/quizx/nc_tof_5",
    "files": [
      "/Users/caio/Deep-Learning/project/external/circuit-to-tensor/benchmarks/arithmetic/nc_tof_5/nc_tof_5.qasm"
    ]
  },
  "files": [
    {
      "path": "/Users/caio/Deep-Learning/project/external/circuit-to-tensor/benchmarks/arithmetic/nc_tof_5/nc_tof_5.qasm",
      "qubits": 9,
      "tcount": {
        "initial": 49,
        "zx_preopt": 31,
        "basic_opt": null
      },
      "hcount": {
        "initial": 18,
        "optimized": 6
      },
      "blocks": [
        {
          "qubits": 15,
          "initial": 31
        }
      ]
    }
  ]
}