{
  "invocation": {
    "emit": [
      "CircuitQASM",
      "Log"
    ],
    "gadgets": false,
    "original": [
      "/Users/caio/Deep-Learning/project/external/circuit-to-tensor/benchmarks/arithmetic/grover_5/grover_5_block1.matrix.npy"
    ],
    "mapping": [
      "/Users/caio/Deep-Learning/project/external/circuit-to-tensor/benchmarks/arithmetic/grover_5/grover_5_block1.mapping.txt"
    ],
    "output": "/Users/caio/Deep-Learning/project/results/public_resynth/public_resynth_no_gadgets/grover_5/candidates/grover_5_block1/candidate2",
    "files": [
      "/Users/caio/Deep-Learning/project/results/public_resynth/public_resynth_no_gadgets/grover_5/candidates/grover_5_block1/grover_5_block1.candidate2.npy"
    ]
  },
  "files": [
    {
      "path": "/Users/caio/Deep-Learning/project/results/public_resynth/public_resynth_no_gadgets/grover_5/candidates/grover_5_block1/grover_5_block1.candidate2.npy",
      "mapping": [
        0,
        1,
        2,
        3,
        4,
        5,
        6,
        7,
        8,
        27,
        28,
        29,
        30,
        31,
        32,
        33,
        34,
        35,
        36,
        37,
        38,
        39,
        40,
        41,
        42,
        43,
        44,
        45,
        46,
        47,
        48,
        49,
        50,
        51,
        52,
        53,
        54,
        55,
        56,
        57,
        58,
        59,
        60,
        61,
        62,
        63,
        64,
        65,
        66,
        67,
        68,
        69,
        70,
        71,
        72,
        73,
        74,
        75
      ],
      "nccz": 0,
      "ncs": 0,
      "nt": 107
    }
  ]
}