{
  "invocation": {
    "emit": [
      "CircuitQASM",
      "Log"
    ],
    "gadgets": true,
    "original": [
      "/Users/caio/Deep-Learning/project/external/circuit-to-tensor/benchmarks/applications/unary_iteration_n3/unary_iteration_n3.matrix.npy"
    ],
    "mapping": [
      "/Users/caio/Deep-Learning/project/external/circuit-to-tensor/benchmarks/applications/unary_iteration_n3/unary_iteration_n3.mapping.txt"
    ],
    "output": "/Users/caio/Deep-Learning/project/results/public_resynth/public_resynth_gadgets/unary_iteration_n3/candidates/unary_iteration_n3/candidate2",
    "files": [
      "/Users/caio/Deep-Learning/project/results/public_resynth/public_resynth_gadgets/unary_iteration_n3/candidates/unary_iteration_n3/unary_iteration_n3.candidate2.npy"
    ]
  },
  "files": []
}