{
  "invocation": {
    "emit": [
      "CircuitQASM",
      "Log"
    ],
    "gadgets": false,
    "original": [
      "/Users/caio/Deep-Learning/project/external/circuit-to-tensor/benchmarks/applications/unary_iteration_n4/unary_iteration_n4.matrix.npy"
    ],
    "mapping": [
      "/Users/caio/Deep-Learning/project/external/circuit-to-tensor/benchmarks/applications/unary_iteration_n4/unary_iteration_n4.mapping.txt"
    ],
    "output": "/Users/caio/Deep-Learning/project/results/public_resynth/public_resynth_no_gadgets/unary_iteration_n4/candidates/unary_iteration_n4/candidate0",
    "files": [
      "/Users/caio/Deep-Learning/project/results/public_resynth/public_resynth_no_gadgets/unary_iteration_n4/candidates/unary_iteration_n4/unary_iteration_n4.candidate0.npy"
    ]
  },
  "files": []
}