{
  "invocation": {
    "emit": [
      "CircuitQASM",
      "Log"
    ],
    "gadgets": false,
    "original": [
      "/Users/caio/Deep-Learning/project/external/circuit-to-tensor/benchmarks/arithmetic/hamming_15_high/hamming_15_high_block3.matrix.npy"
    ],
    "mapping": [
      "/Users/caio/Deep-Learning/project/external/circuit-to-tensor/benchmarks/arithmetic/hamming_15_high/hamming_15_high_block3.mapping.txt"
    ],
    "output": "/Users/caio/Deep-Learning/project/results/public_resynth_fixed/public_resynth_no_gadgets/hamming_15_high/candidates/hamming_15_high_block3/candidate0",
    "files": [
      "/Users/caio/Deep-Learning/project/results/public_resynth_fixed/public_resynth_no_gadgets/hamming_15_high/candidates/hamming_15_high_block3/hamming_15_high_block3.candidate0.npy"
    ]
  },
  "files": [
    {
      "path": "/Users/caio/Deep-Learning/project/results/public_resynth_fixed/public_resynth_no_gadgets/hamming_15_high/candidates/hamming_15_high_block3/hamming_15_high_block3.candidate0.npy",
      "mapping": [
        0,
        1,
        2,
        3,
        4,
        5,
        7,
        9,
        10,
        11,
        12,
        13,
        14,
        15,
        16,
        17,
        18,
        19,
        233,
        234,
        235,
        236,
        237,
        238,
        239,
        240,
        241,
        242,
        243,
        244,
        245,
        246,
        247,
        248,
        249,
        250,
        251,
        252,
        253,
        254,
        255,
        256,
        257,
        258,
        259,
        260,
        261,
        262,
        263,
        264,
        265,
        266,
        267,
        268,
        269,
        270
      ],
      "nccz": 0,
      "ncs": 0,
      "nt": 81
    }
  ]
}