{
  "invocation": {
    "emit": [
      "CircuitQASM",
      "Log"
    ],
    "gadgets": false,
    "original": [
      "/Users/caio/Deep-Learning/project/external/circuit-to-tensor/benchmarks/arithmetic/nc_tof_3/nc_tof_3.matrix.npy"
    ],
    "mapping": [
      "/Users/caio/Deep-Learning/project/external/circuit-to-tensor/benchmarks/arithmetic/nc_tof_3/nc_tof_3.mapping.txt"
    ],
    "output": "results/public_resynth_tensor_v3_phase_slack_aggressive/public_resynth_tensor_v3_phase_slack_aggressive/nc_tof_3/candidates/nc_tof_3/benchmarks_no_gadgets.nc_toff_3/candidate5",
    "files": [
      "results/public_resynth_tensor_v3_phase_slack_aggressive/public_resynth_tensor_v3_phase_slack_aggressive/nc_tof_3/candidates/nc_tof_3/nc_tof_3.benchmarks_no_gadgets.nc_toff_3.candidate5.npy"
    ]
  },
  "files": [
    {
      "path": "/Users/caio/Deep-Learning/project/results/public_resynth_tensor_v3_phase_slack_aggressive/public_resynth_tensor_v3_phase_slack_aggressive/nc_tof_3/candidates/nc_tof_3/nc_tof_3.benchmarks_no_gadgets.nc_toff_3.candidate5.npy",
      "mapping": [
        0,
        1,
        2,
        3,
        4,
        5,
        6
      ],
      "nccz": 0,
      "ncs": 0,
      "nt": 13
    }
  ]
}