{
  "invocation": {
    "qubits": null,
    "ancilla": null,
    "emit": [
      "Tensor",
      "Matrix",
      "CircuitQASM",
      "Log"
    ],
    "zx_preopt": true,
    "split_iters": 10000,
    "verify": false,
    "output": "/Users/caio/Deep-Learning/project/results/compile_stage1/quizx/cuccaro_adder_n10",
    "files": [
      "/Users/caio/Deep-Learning/project/external/circuit-to-tensor/benchmarks/applications/cuccaro_adder_n10/cuccaro_adder_n10.qasm"
    ]
  },
  "files": [
    {
      "path": "/Users/caio/Deep-Learning/project/external/circuit-to-tensor/benchmarks/applications/cuccaro_adder_n10/cuccaro_adder_n10.qasm",
      "qubits": 21,
      "tcount": {
        "initial": 140,
        "zx_preopt": 72,
        "basic_opt": null
      },
      "hcount": {
        "initial": 38,
        "optimized": 16
      },
      "blocks": [
        {
          "qubits": 36,
          "initial": 72
        }
      ]
    }
  ]
}