{
  "invocation": {
    "emit": [
      "CircuitQASM",
      "Log"
    ],
    "gadgets": true,
    "original": [
      "external/circuit-to-tensor/benchmarks/arithmetic/mod_5_4/mod_5_4.matrix.npy"
    ],
    "mapping": [
      "external/circuit-to-tensor/benchmarks/arithmetic/mod_5_4/mod_5_4.mapping.txt"
    ],
    "output": "results/alphaq_split_reward_external/mod_5_4_v1_tiebreak_canonicalized",
    "files": [
      "results/alphaq_split_reward_external/mod_5_4_v1_tiebreak_canonicalized/mod_5_4.v1_tiebreak.best_solved.canonical.transposed.npy"
    ]
  },
  "files": []
}