{
  "invocation": {
    "qubits": null,
    "ancilla": null,
    "emit": [
      "Tensor",
      "Matrix",
      "CircuitQASM",
      "Log"
    ],
    "zx_preopt": true,
    "split_iters": 10000,
    "verify": false,
    "output": "/Users/caio/Deep-Learning/project/results/compile_stage1/quizx/nc_tof_10",
    "files": [
      "/Users/caio/Deep-Learning/project/external/circuit-to-tensor/benchmarks/arithmetic/nc_tof_10/nc_tof_10.qasm"
    ]
  },
  "files": [
    {
      "path": "/Users/caio/Deep-Learning/project/external/circuit-to-tensor/benchmarks/arithmetic/nc_tof_10/nc_tof_10.qasm",
      "qubits": 19,
      "tcount": {
        "initial": 119,
        "zx_preopt": 71,
        "basic_opt": null
      },
      "hcount": {
        "initial": 48,
        "optimized": 16
      },
      "blocks": [
        {
          "qubits": 35,
          "initial": 71
        }
      ]
    }
  ]
}