{
  "invocation": {
    "emit": [
      "CircuitQASM",
      "Log"
    ],
    "gadgets": false,
    "original": [
      "/Users/caio/Deep-Learning/project/external/circuit-to-tensor/benchmarks/arithmetic/mod_adder_1024/mod_adder_1024_block1.matrix.npy"
    ],
    "mapping": [
      "/Users/caio/Deep-Learning/project/external/circuit-to-tensor/benchmarks/arithmetic/mod_adder_1024/mod_adder_1024_block1.mapping.txt"
    ],
    "output": "/Users/caio/Deep-Learning/project/results/public_resynth/public_resynth_no_gadgets/mod_adder_1024/candidates/mod_adder_1024_block1/candidate0",
    "files": [
      "/Users/caio/Deep-Learning/project/results/public_resynth/public_resynth_no_gadgets/mod_adder_1024/candidates/mod_adder_1024_block1/mod_adder_1024_block1.candidate0.npy"
    ]
  },
  "files": []
}