{
  "invocation": {
    "emit": [
      "CircuitQASM",
      "Log"
    ],
    "gadgets": true,
    "original": [
      "/Users/caio/Deep-Learning/project/external/circuit-to-tensor/benchmarks/arithmetic/hamming_15_high/hamming_15_high_block7.matrix.npy"
    ],
    "mapping": [
      "/Users/caio/Deep-Learning/project/external/circuit-to-tensor/benchmarks/arithmetic/hamming_15_high/hamming_15_high_block7.mapping.txt"
    ],
    "output": "/Users/caio/Deep-Learning/project/results/public_resynth_fixed/public_resynth_gadgets/hamming_15_high/candidates/hamming_15_high_block7/candidate2",
    "files": [
      "/Users/caio/Deep-Learning/project/results/public_resynth_fixed/public_resynth_gadgets/hamming_15_high/candidates/hamming_15_high_block7/hamming_15_high_block7.candidate2.npy"
    ]
  },
  "files": [
    {
      "path": "/Users/caio/Deep-Learning/project/results/public_resynth_fixed/public_resynth_gadgets/hamming_15_high/candidates/hamming_15_high_block7/hamming_15_high_block7.candidate2.npy",
      "mapping": [
        0,
        1,
        2,
        3,
        4,
        5,
        7,
        9,
        10,
        11,
        12,
        13,
        14,
        15,
        16,
        17,
        18,
        19,
        99,
        100,
        101,
        102,
        103,
        104,
        105,
        106,
        107,
        108,
        109,
        110,
        111,
        112,
        113,
        114,
        115,
        116,
        117,
        118,
        119,
        120,
        121,
        122,
        123,
        124,
        125,
        126,
        127,
        128,
        129,
        130,
        131,
        132,
        133
      ],
      "nccz": 20,
      "ncs": 0,
      "nt": 10
    }
  ]
}