{
  "invocation": {
    "emit": [
      "CircuitQASM",
      "Log"
    ],
    "gadgets": true,
    "original": [],
    "mapping": [],
    "output": "/Users/caio/Deep-Learning/project/results/tmp_mod54_public_nomap",
    "files": [
      "/Users/caio/Deep-Learning/project/results/tmp_mod54_public.npy"
    ]
  },
  "files": [
    {
      "path": "/Users/caio/Deep-Learning/project/results/tmp_mod54_public.npy",
      "mapping": [
        0,
        1,
        2,
        3,
        4,
        5,
        6
      ],
      "nccz": 0,
      "ncs": 1,
      "nt": 2
    }
  ]
}