{
  "invocation": {
    "qubits": null,
    "ancilla": null,
    "emit": [
      "Tensor",
      "Matrix",
      "CircuitQASM",
      "Log"
    ],
    "zx_preopt": true,
    "split_iters": 10000,
    "verify": false,
    "output": "/Users/caio/Deep-Learning/project/results/compile_stage1/quizx/hamming_weight_n10",
    "files": [
      "/Users/caio/Deep-Learning/project/external/circuit-to-tensor/benchmarks/applications/hamming_weight_n10/hamming_weight_n10.qasm"
    ]
  },
  "files": [
    {
      "path": "/Users/caio/Deep-Learning/project/external/circuit-to-tensor/benchmarks/applications/hamming_weight_n10/hamming_weight_n10.qasm",
      "qubits": 18,
      "tcount": {
        "initial": 56,
        "zx_preopt": 56,
        "basic_opt": null
      },
      "hcount": {
        "initial": 7,
        "optimized": 6
      },
      "blocks": [
        {
          "qubits": 24,
          "initial": 56
        }
      ]
    }
  ]
}