{
  "invocation": {
    "qubits": null,
    "ancilla": null,
    "emit": [
      "Tensor",
      "Matrix",
      "CircuitQASM",
      "Log"
    ],
    "zx_preopt": true,
    "split_iters": 10000,
    "verify": false,
    "output": "/Users/caio/Deep-Learning/project/results/compile_stage1/quizx/hamming_weight_n12",
    "files": [
      "/Users/caio/Deep-Learning/project/external/circuit-to-tensor/benchmarks/applications/hamming_weight_n12/hamming_weight_n12.qasm"
    ]
  },
  "files": [
    {
      "path": "/Users/caio/Deep-Learning/project/external/circuit-to-tensor/benchmarks/applications/hamming_weight_n12/hamming_weight_n12.qasm",
      "qubits": 22,
      "tcount": {
        "initial": 70,
        "zx_preopt": 70,
        "basic_opt": null
      },
      "hcount": {
        "initial": 9,
        "optimized": 8
      },
      "blocks": [
        {
          "qubits": 30,
          "initial": 70
        }
      ]
    }
  ]
}