{
  "invocation": {
    "emit": [
      "CircuitQASM",
      "Log"
    ],
    "gadgets": true,
    "original": [
      "/Users/caio/Deep-Learning/project/external/circuit-to-tensor/benchmarks/arithmetic/gf_2pow2_mult/gf_2pow2_mult.matrix.npy"
    ],
    "mapping": [
      "/Users/caio/Deep-Learning/project/external/circuit-to-tensor/benchmarks/arithmetic/gf_2pow2_mult/gf_2pow2_mult.mapping.txt"
    ],
    "output": "/Users/caio/Deep-Learning/project/results/public_resynth/public_resynth_gadgets/gf_2pow2_mult/candidates/gf_2pow2_mult/candidate2",
    "files": [
      "/Users/caio/Deep-Learning/project/results/public_resynth/public_resynth_gadgets/gf_2pow2_mult/candidates/gf_2pow2_mult/gf_2pow2_mult.candidate2.npy"
    ]
  },
  "files": []
}