{
  "invocation": {
    "qubits": null,
    "ancilla": null,
    "emit": [
      "Tensor",
      "Matrix",
      "CircuitQASM",
      "Log"
    ],
    "zx_preopt": true,
    "split_iters": 10000,
    "verify": false,
    "output": "/Users/caio/Deep-Learning/project/results/compile_stage1/quizx/basis_change_p7_o3",
    "files": [
      "/Users/caio/Deep-Learning/project/external/circuit-to-tensor/benchmarks/applications/basis_change_p7_o3/basis_change_p7_o3.qasm"
    ]
  },
  "files": [
    {
      "path": "/Users/caio/Deep-Learning/project/external/circuit-to-tensor/benchmarks/applications/basis_change_p7_o3/basis_change_p7_o3.qasm",
      "qubits": 36,
      "tcount": {
        "initial": 280,
        "zx_preopt": 126,
        "basic_opt": null
      },
      "hcount": {
        "initial": 82,
        "optimized": 38
      },
      "blocks": [
        {
          "qubits": 63,
          "initial": 126
        }
      ]
    }
  ]
}