{
  "invocation": {
    "emit": [
      "CircuitQASM",
      "Log"
    ],
    "gadgets": true,
    "original": [
      "/Users/caio/Deep-Learning/project/external/circuit-to-tensor/benchmarks/applications/cuccaro_adder_n10/cuccaro_adder_n10.matrix.npy"
    ],
    "mapping": [
      "/Users/caio/Deep-Learning/project/external/circuit-to-tensor/benchmarks/applications/cuccaro_adder_n10/cuccaro_adder_n10.mapping.txt"
    ],
    "output": "/Users/caio/Deep-Learning/project/results/public_resynth_fixed/public_resynth_gadgets/cuccaro_adder_n10/candidates/cuccaro_adder_n10/candidate0",
    "files": [
      "/Users/caio/Deep-Learning/project/results/public_resynth_fixed/public_resynth_gadgets/cuccaro_adder_n10/candidates/cuccaro_adder_n10/cuccaro_adder_n10.candidate0.npy"
    ]
  },
  "files": [
    {
      "path": "/Users/caio/Deep-Learning/project/results/public_resynth_fixed/public_resynth_gadgets/cuccaro_adder_n10/candidates/cuccaro_adder_n10/cuccaro_adder_n10.candidate0.npy",
      "mapping": [
        0,
        1,
        2,
        3,
        4,
        5,
        6,
        7,
        8,
        9,
        10,
        11,
        12,
        13,
        14,
        15,
        16,
        17,
        18,
        19,
        20,
        21,
        22,
        23,
        24,
        25,
        26,
        27,
        28,
        29,
        30,
        31,
        32,
        33,
        34,
        35
      ],
      "nccz": 9,
      "ncs": 0,
      "nt": 0
    }
  ]
}