{
  "invocation": {
    "qubits": null,
    "ancilla": null,
    "emit": [
      "Tensor",
      "Matrix",
      "CircuitQASM",
      "Log"
    ],
    "zx_preopt": true,
    "split_iters": 10000,
    "verify": false,
    "output": "/Users/caio/Deep-Learning/project/results/compile_stage1/quizx/cuccaro_adder_n5",
    "files": [
      "/Users/caio/Deep-Learning/project/external/circuit-to-tensor/benchmarks/applications/cuccaro_adder_n5/cuccaro_adder_n5.qasm"
    ]
  },
  "files": [
    {
      "path": "/Users/caio/Deep-Learning/project/external/circuit-to-tensor/benchmarks/applications/cuccaro_adder_n5/cuccaro_adder_n5.qasm",
      "qubits": 11,
      "tcount": {
        "initial": 70,
        "zx_preopt": 32,
        "basic_opt": null
      },
      "hcount": {
        "initial": 18,
        "optimized": 6
      },
      "blocks": [
        {
          "qubits": 16,
          "initial": 32
        }
      ]
    }
  ]
}