{
  "invocation": {
    "qubits": null,
    "ancilla": null,
    "emit": [
      "Tensor",
      "Matrix",
      "CircuitQASM",
      "Log"
    ],
    "zx_preopt": true,
    "split_iters": 10000,
    "verify": false,
    "output": "/Users/caio/Deep-Learning/project/results/compile_stage1/quizx/qcla_adder_10",
    "files": [
      "/Users/caio/Deep-Learning/project/external/circuit-to-tensor/benchmarks/arithmetic/qcla_adder_10/qcla_adder_10.qasm"
    ]
  },
  "files": [
    {
      "path": "/Users/caio/Deep-Learning/project/external/circuit-to-tensor/benchmarks/arithmetic/qcla_adder_10/qcla_adder_10.qasm",
      "qubits": 36,
      "tcount": {
        "initial": 238,
        "zx_preopt": 162,
        "basic_opt": null
      },
      "hcount": {
        "initial": 111,
        "optimized": 25
      },
      "blocks": [
        {
          "qubits": 60,
          "initial": 162
        }
      ]
    }
  ]
}