{
  "invocation": {
    "qubits": null,
    "ancilla": null,
    "emit": [
      "Tensor",
      "Matrix",
      "CircuitQASM",
      "Log"
    ],
    "zx_preopt": true,
    "split_iters": 10000,
    "verify": false,
    "output": "/Users/caio/Deep-Learning/project/results/compile_stage1/quizx/hamming_weight_n17",
    "files": [
      "/Users/caio/Deep-Learning/project/external/circuit-to-tensor/benchmarks/applications/hamming_weight_n17/hamming_weight_n17.qasm"
    ]
  },
  "files": [
    {
      "path": "/Users/caio/Deep-Learning/project/external/circuit-to-tensor/benchmarks/applications/hamming_weight_n17/hamming_weight_n17.qasm",
      "qubits": 32,
      "tcount": {
        "initial": 105,
        "zx_preopt": 105,
        "basic_opt": null
      },
      "hcount": {
        "initial": 14,
        "optimized": 14
      },
      "blocks": [
        {
          "qubits": 46,
          "initial": 105
        }
      ]
    }
  ]
}