{
  "invocation": {
    "emit": [
      "CircuitQASM",
      "Log"
    ],
    "gadgets": true,
    "original": [
      "/Users/caio/Deep-Learning/project/external/circuit-to-tensor/benchmarks/arithmetic/nc_tof_3/nc_tof_3.matrix.npy"
    ],
    "mapping": [
      "/Users/caio/Deep-Learning/project/external/circuit-to-tensor/benchmarks/arithmetic/nc_tof_3/nc_tof_3.mapping.txt"
    ],
    "output": "results/public_resynth_tensor_v3_phase_slack_expanded/public_resynth_tensor_v3_phase_slack/nc_tof_3/candidates/nc_tof_3/benchmarks_gadgets.nc_toff_3/candidate0",
    "files": [
      "results/public_resynth_tensor_v3_phase_slack_expanded/public_resynth_tensor_v3_phase_slack/nc_tof_3/candidates/nc_tof_3/nc_tof_3.benchmarks_gadgets.nc_toff_3.candidate0.npy"
    ]
  },
  "files": [
    {
      "path": "/Users/caio/Deep-Learning/project/results/public_resynth_tensor_v3_phase_slack_expanded/public_resynth_tensor_v3_phase_slack/nc_tof_3/candidates/nc_tof_3/nc_tof_3.benchmarks_gadgets.nc_toff_3.candidate0.npy",
      "mapping": [
        0,
        1,
        2,
        3,
        4,
        5,
        6
      ],
      "nccz": 2,
      "ncs": 0,
      "nt": 0
    }
  ]
}