{
  "invocation": {
    "emit": [
      "CircuitQASM",
      "Log"
    ],
    "gadgets": true,
    "original": [
      "/Users/caio/Deep-Learning/project/external/circuit-to-tensor/benchmarks/arithmetic/vbe_adder_3/vbe_adder_3.matrix.npy"
    ],
    "mapping": [
      "/Users/caio/Deep-Learning/project/external/circuit-to-tensor/benchmarks/arithmetic/vbe_adder_3/vbe_adder_3.mapping.txt"
    ],
    "output": "results/public_resynth_tensor_v3_phase_slack_aggressive/public_resynth_tensor_v3_phase_slack_aggressive/vbe_adder_3/candidates/vbe_adder_3/benchmarks_gadgets.vbe_adder_3/candidate0",
    "files": [
      "results/public_resynth_tensor_v3_phase_slack_aggressive/public_resynth_tensor_v3_phase_slack_aggressive/vbe_adder_3/candidates/vbe_adder_3/vbe_adder_3.benchmarks_gadgets.vbe_adder_3.candidate0.npy"
    ]
  },
  "files": [
    {
      "path": "/Users/caio/Deep-Learning/project/results/public_resynth_tensor_v3_phase_slack_aggressive/public_resynth_tensor_v3_phase_slack_aggressive/vbe_adder_3/candidates/vbe_adder_3/vbe_adder_3.benchmarks_gadgets.vbe_adder_3.candidate0.npy",
      "mapping": [
        0,
        1,
        2,
        3,
        4,
        5,
        6,
        7,
        8,
        9,
        10,
        11,
        12,
        13
      ],
      "nccz": 3,
      "ncs": 0,
      "nt": 0
    }
  ]
}